[INFO] Scanning for projects...
[INFO] 
[INFO] -------------------< com.stok:stok-yonetim-backend >--------------------
[INFO] Building Stok Y÷netim Backend 1.0.0
[INFO]   from pom.xml
[INFO] --------------------------------[ jar ]---------------------------------
[INFO] 
[INFO] --- clean:3.3.2:clean (default-clean) @ stok-yonetim-backend ---
[INFO] Deleting D:\GitHub\Kaynak\backend\target
[INFO] 
[INFO] --- resources:3.3.1:resources (default-resources) @ stok-yonetim-backend ---
[INFO] Copying 2 resources from src\main\resources to target\classes
[INFO] Copying 6 resources from src\main\resources to target\classes
[INFO] 
[INFO] --- compiler:3.11.0:compile (default-compile) @ stok-yonetim-backend ---
[INFO] Changes detected - recompiling the module! :source
[INFO] Compiling 63 source files with javac [debug release 17] to target\classes
[INFO] /D:/GitHub/Kaynak/backend/src/main/java/com/stok/app/security/JwtUtil.java: D:\GitHub\Kaynak\backend\src\main\java\com\stok\app\security\JwtUtil.java uses or overrides a deprecated API.
[INFO] /D:/GitHub/Kaynak/backend/src/main/java/com/stok/app/security/JwtUtil.java: Recompile with -Xlint:deprecation for details.
[INFO] -------------------------------------------------------------
[ERROR] COMPILATION ERROR : 
[INFO] -------------------------------------------------------------
[ERROR] /D:/GitHub/Kaynak/backend/src/main/java/com/stok/app/controller/NotificationController.java:[3,32] cannot access com.stok.app.dto.request.TransferActionRequest
  bad source file: D:\GitHub\Kaynak\backend\src\main\java\com\stok\app\dto\request\TransferActionRequest.java
    file does not contain class com.stok.app.dto.request.TransferActionRequest
    Please remove or make sure it appears in the correct subdirectory of the sourcepath.
[ERROR] /D:/GitHub/Kaynak/backend/src/main/java/com/stok/app/service/StockService.java:[257,42] cannot access com.stok.app.dto.request.TransferItemRequest
  bad source file: D:\GitHub\Kaynak\backend\src\main\java\com\stok\app\dto\request\TransferItemRequest.java
    file does not contain class com.stok.app.dto.request.TransferItemRequest
    Please remove or make sure it appears in the correct subdirectory of the sourcepath.
[ERROR] /D:/GitHub/Kaynak/backend/src/main/java/com/stok/app/controller/StockController.java:[121,50] cannot access com.stok.app.dto.request.TransferRequest
  bad source file: D:\GitHub\Kaynak\backend\src\main\java\com\stok\app\dto\request\TransferRequest.java
    file does not contain class com.stok.app.dto.request.TransferRequest
    Please remove or make sure it appears in the correct subdirectory of the sourcepath.
[ERROR] /D:/GitHub/Kaynak/backend/src/main/java/com/stok/app/dto/request/TransferActionRequest.java:[6,8] duplicate class: TransferActionRequest
[ERROR] /D:/GitHub/Kaynak/backend/src/main/java/com/stok/app/controller/NotificationController.java:[43,26] cannot find symbol
  symbol:   class TransferActionRequest
  location: class com.stok.app.controller.NotificationController
[ERROR] /D:/GitHub/Kaynak/backend/src/main/java/com/stok/app/dto/request/TransferItemRequest.java:[8,8] duplicate class: TransferItemRequest
[ERROR] /D:/GitHub/Kaynak/backend/src/main/java/com/stok/app/dto/request/TransferRequest.java:[9,8] duplicate class: TransferRequest
[ERROR] /D:/GitHub/Kaynak/backend/src/main/java/com/stok/app/dto/request/CreateUserRequest.java:[27,6] cannot find symbol
  symbol:   class Email
  location: class com.stok.app.dto.request.CreateUserRequest
[ERROR] /D:/GitHub/Kaynak/backend/src/main/java/com/stok/app/dto/request/RegisterRequest.java:[10,6] cannot find symbol
  symbol:   class Size
  location: class com.stok.app.dto.request.RegisterRequest
[ERROR] /D:/GitHub/Kaynak/backend/src/main/java/com/stok/app/dto/request/RegisterRequest.java:[14,6] cannot find symbol
  symbol:   class Size
  location: class com.stok.app.dto.request.RegisterRequest
[ERROR] /D:/GitHub/Kaynak/backend/src/main/java/com/stok/app/dto/request/RegisterRequest.java:[18,6] cannot find symbol
  symbol:   class Size
  location: class com.stok.app.dto.request.RegisterRequest
[ERROR] /D:/GitHub/Kaynak/backend/src/main/java/com/stok/app/dto/request/RegisterRequest.java:[23,6] cannot find symbol
  symbol:   class Size
  location: class com.stok.app.dto.request.RegisterRequest
[ERROR] /D:/GitHub/Kaynak/backend/src/main/java/com/stok/app/service/HistoryService.java:[36,9] cannot find symbol
  symbol:   variable log
  location: class com.stok.app.service.HistoryService
[ERROR] /D:/GitHub/Kaynak/backend/src/main/java/com/stok/app/service/HistoryService.java:[43,9] cannot find symbol
  symbol:   variable log
  location: class com.stok.app.service.HistoryService
[ERROR] /D:/GitHub/Kaynak/backend/src/main/java/com/stok/app/service/HistoryService.java:[49,15] cannot find symbol
  symbol:   method setUser(com.stok.app.entity.User)
  location: variable record of type com.stok.app.entity.HistoryRecord
[ERROR] /D:/GitHub/Kaynak/backend/src/main/java/com/stok/app/service/HistoryService.java:[50,15] cannot find symbol
  symbol:   method setRecordDate(java.time.LocalDateTime)
  location: variable record of type com.stok.app.entity.HistoryRecord
[ERROR] /D:/GitHub/Kaynak/backend/src/main/java/com/stok/app/service/HistoryService.java:[51,15] cannot find symbol
  symbol:   method setType(java.lang.String)
  location: variable record of type com.stok.app.entity.HistoryRecord
[ERROR] /D:/GitHub/Kaynak/backend/src/main/java/com/stok/app/service/HistoryService.java:[52,15] cannot find symbol
  symbol:   method setDescription(java.lang.String)
  location: variable record of type com.stok.app.entity.HistoryRecord
[ERROR] /D:/GitHub/Kaynak/backend/src/main/java/com/stok/app/service/HistoryService.java:[53,15] cannot find symbol
  symbol:   method setDetailsJson(java.util.Map<java.lang.String,java.lang.Object>)
  location: variable record of type com.stok.app.entity.HistoryRecord
[ERROR] /D:/GitHub/Kaynak/backend/src/main/java/com/stok/app/service/HistoryService.java:[56,9] cannot find symbol
  symbol:   variable log
  location: class com.stok.app.service.HistoryService
[ERROR] /D:/GitHub/Kaynak/backend/src/main/java/com/stok/app/service/HistoryService.java:[60,9] cannot find symbol
  symbol:   variable log
  location: class com.stok.app.service.HistoryService
[ERROR] /D:/GitHub/Kaynak/backend/src/main/java/com/stok/app/service/HistoryService.java:[65,20] cannot find symbol
  symbol:   method getUser()
  location: variable record of type com.stok.app.entity.HistoryRecord
[ERROR] /D:/GitHub/Kaynak/backend/src/main/java/com/stok/app/service/HistoryService.java:[70,9] cannot find symbol
  symbol:   variable log
  location: class com.stok.app.service.HistoryService
[ERROR] /D:/GitHub/Kaynak/backend/src/main/java/com/stok/app/service/HistoryService.java:[74,9] cannot find symbol
  symbol:   variable log
  location: class com.stok.app.service.HistoryService
[ERROR] /D:/GitHub/Kaynak/backend/src/main/java/com/stok/app/service/HistoryService.java:[83,9] cannot find symbol
  symbol:   variable log
  location: class com.stok.app.service.HistoryService
[ERROR] /D:/GitHub/Kaynak/backend/src/main/java/com/stok/app/service/HistoryService.java:[87,37] cannot find symbol
  symbol:   method builder()
  location: class com.stok.app.dto.response.HistoryRecordResponse
[ERROR] /D:/GitHub/Kaynak/backend/src/main/java/com/stok/app/service/HistoryService.java:[88,27] cannot find symbol
  symbol:   method getId()
  location: variable record of type com.stok.app.entity.HistoryRecord
[ERROR] /D:/GitHub/Kaynak/backend/src/main/java/com/stok/app/service/HistoryService.java:[89,35] cannot find symbol
  symbol:   method getRecordDate()
  location: variable record of type com.stok.app.entity.HistoryRecord
[ERROR] /D:/GitHub/Kaynak/backend/src/main/java/com/stok/app/service/HistoryService.java:[90,29] cannot find symbol
  symbol:   method getType()
  location: variable record of type com.stok.app.entity.HistoryRecord
[ERROR] /D:/GitHub/Kaynak/backend/src/main/java/com/stok/app/service/HistoryService.java:[91,36] cannot find symbol
  symbol:   method getDescription()
  location: variable record of type com.stok.app.entity.HistoryRecord
[ERROR] /D:/GitHub/Kaynak/backend/src/main/java/com/stok/app/service/HistoryService.java:[92,32] cannot find symbol
  symbol:   method getDetailsJson()
  location: variable record of type com.stok.app.entity.HistoryRecord
[ERROR] /D:/GitHub/Kaynak/backend/src/main/java/com/stok/app/service/HistoryService.java:[93,34] cannot find symbol
  symbol:   method getCreatedAt()
  location: variable record of type com.stok.app.entity.HistoryRecord
[ERROR] /D:/GitHub/Kaynak/backend/src/main/java/com/stok/app/entity/CaseRecord.java:[65,17] cannot find symbol
  symbol:   method setCaseRecord(com.stok.app.entity.CaseRecord)
  location: variable material of type com.stok.app.entity.CaseMaterial
[ERROR] /D:/GitHub/Kaynak/backend/src/main/java/com/stok/app/service/NotificationService.java:[31,9] cannot find symbol
  symbol:   variable log
  location: class com.stok.app.service.NotificationService
[ERROR] /D:/GitHub/Kaynak/backend/src/main/java/com/stok/app/service/NotificationService.java:[33,49] cannot find symbol
  symbol:   method builder()
  location: class com.stok.app.entity.Notification
[ERROR] /D:/GitHub/Kaynak/backend/src/main/java/com/stok/app/service/NotificationService.java:[63,21] cannot find symbol
  symbol:   method setStatus(com.stok.app.entity.NotificationStatus)
  location: variable notification of type com.stok.app.entity.Notification
[ERROR] /D:/GitHub/Kaynak/backend/src/main/java/com/stok/app/service/NotificationService.java:[74,21] cannot find symbol
  symbol:   method setActionStatus(com.stok.app.entity.NotificationActionStatus)
  location: variable notification of type com.stok.app.entity.Notification
[ERROR] /D:/GitHub/Kaynak/backend/src/main/java/com/stok/app/service/NotificationService.java:[75,21] cannot find symbol
  symbol:   method setStatus(com.stok.app.entity.NotificationStatus)
  location: variable notification of type com.stok.app.entity.Notification
[ERROR] /D:/GitHub/Kaynak/backend/src/main/java/com/stok/app/service/NotificationService.java:[81,25] cannot find symbol
  symbol:   method getSenderId()
  location: variable notification of type com.stok.app.entity.Notification
[ERROR] /D:/GitHub/Kaynak/backend/src/main/java/com/stok/app/service/NotificationService.java:[82,62] cannot find symbol
  symbol:   method getSenderId()
  location: variable notification of type com.stok.app.entity.Notification
[ERROR] /D:/GitHub/Kaynak/backend/src/main/java/com/stok/app/service/NotificationService.java:[87,36] cannot find symbol
  symbol:   method builder()
  location: class com.stok.app.dto.response.NotificationResponse
[ERROR] /D:/GitHub/Kaynak/backend/src/main/java/com/stok/app/service/NotificationService.java:[88,33] cannot find symbol
  symbol:   method getId()
  location: variable notification of type com.stok.app.entity.Notification
[ERROR] /D:/GitHub/Kaynak/backend/src/main/java/com/stok/app/service/NotificationService.java:[89,39] cannot find symbol
  symbol:   method getSenderId()
  location: variable notification of type com.stok.app.entity.Notification
[ERROR] /D:/GitHub/Kaynak/backend/src/main/java/com/stok/app/service/NotificationService.java:[91,41] cannot find symbol
  symbol:   method getReceiverId()
  location: variable notification of type com.stok.app.entity.Notification
[ERROR] /D:/GitHub/Kaynak/backend/src/main/java/com/stok/app/service/NotificationService.java:[92,35] cannot find symbol
  symbol:   method getType()
  location: variable notification of type com.stok.app.entity.Notification
[ERROR] /D:/GitHub/Kaynak/backend/src/main/java/com/stok/app/service/NotificationService.java:[93,36] cannot find symbol
  symbol:   method getTitle()
  location: variable notification of type com.stok.app.entity.Notification
[ERROR] /D:/GitHub/Kaynak/backend/src/main/java/com/stok/app/service/NotificationService.java:[94,38] cannot find symbol
  symbol:   method getContent()
  location: variable notification of type com.stok.app.entity.Notification
[ERROR] /D:/GitHub/Kaynak/backend/src/main/java/com/stok/app/service/NotificationService.java:[95,37] cannot find symbol
  symbol:   method getStatus()
  location: variable notification of type com.stok.app.entity.Notification
[ERROR] /D:/GitHub/Kaynak/backend/src/main/java/com/stok/app/service/NotificationService.java:[96,43] cannot find symbol
  symbol:   method getActionStatus()
  location: variable notification of type com.stok.app.entity.Notification
[ERROR] /D:/GitHub/Kaynak/backend/src/main/java/com/stok/app/service/NotificationService.java:[97,40] cannot find symbol
  symbol:   method getCreatedAt()
  location: variable notification of type com.stok.app.entity.Notification
[ERROR] /D:/GitHub/Kaynak/backend/src/main/java/com/stok/app/service/StockService.java:[65,64] cannot find symbol
  symbol:   method getMaterialName()
  location: variable request of type com.stok.app.dto.request.StockItemRequest
[ERROR] /D:/GitHub/Kaynak/backend/src/main/java/com/stok/app/service/StockService.java:[72,24] cannot find symbol
  symbol:   method getMaterialName()
  location: variable request of type com.stok.app.dto.request.StockItemRequest
[ERROR] /D:/GitHub/Kaynak/backend/src/main/java/com/stok/app/service/StockService.java:[73,24] cannot find symbol
  symbol:   method getSerialLotNumber()
  location: variable request of type com.stok.app.dto.request.StockItemRequest
[ERROR] /D:/GitHub/Kaynak/backend/src/main/java/com/stok/app/service/StockService.java:[78,30] cannot find symbol
  symbol:   method getMaterialName()
  location: variable request of type com.stok.app.dto.request.StockItemRequest
[ERROR] /D:/GitHub/Kaynak/backend/src/main/java/com/stok/app/service/StockService.java:[82,42] cannot find symbol
  symbol:   method getMaterialName()
  location: variable request of type com.stok.app.dto.request.StockItemRequest
[ERROR] /D:/GitHub/Kaynak/backend/src/main/java/com/stok/app/service/StockService.java:[83,45] cannot find symbol
  symbol:   method getSerialLotNumber()
  location: variable request of type com.stok.app.dto.request.StockItemRequest
[ERROR] /D:/GitHub/Kaynak/backend/src/main/java/com/stok/app/service/StockService.java:[84,37] cannot find symbol
  symbol:   method getUbbCode()
  location: variable request of type com.stok.app.dto.request.StockItemRequest
[ERROR] /D:/GitHub/Kaynak/backend/src/main/java/com/stok/app/service/StockService.java:[85,40] cannot find symbol
  symbol:   method getExpiryDate()
  location: variable request of type com.stok.app.dto.request.StockItemRequest
[ERROR] /D:/GitHub/Kaynak/backend/src/main/java/com/stok/app/service/StockService.java:[86,38] cannot find symbol
  symbol:   method getQuantity()
  location: variable request of type com.stok.app.dto.request.StockItemRequest
[ERROR] /D:/GitHub/Kaynak/backend/src/main/java/com/stok/app/service/StockService.java:[87,39] cannot find symbol
  symbol:   method getDateAdded()
  location: variable request of type com.stok.app.dto.request.StockItemRequest
[ERROR] /D:/GitHub/Kaynak/backend/src/main/java/com/stok/app/service/StockService.java:[88,39] cannot find symbol
  symbol:   method getFromField()
  location: variable request of type com.stok.app.dto.request.StockItemRequest
[ERROR] /D:/GitHub/Kaynak/backend/src/main/java/com/stok/app/service/StockService.java:[89,37] cannot find symbol
  symbol:   method getToField()
  location: variable request of type com.stok.app.dto.request.StockItemRequest
[ERROR] /D:/GitHub/Kaynak/backend/src/main/java/com/stok/app/service/StockService.java:[90,42] cannot find symbol
  symbol:   method getMaterialCode()
  location: variable request of type com.stok.app.dto.request.StockItemRequest
[ERROR] /D:/GitHub/Kaynak/backend/src/main/java/com/stok/app/service/StockService.java:[123,56] invalid method reference
  cannot find symbol
    symbol:   method getQuantity(T)
    location: class com.stok.app.dto.request.StockItemRequest
[ERROR] /D:/GitHub/Kaynak/backend/src/main/java/com/stok/app/service/StockService.java:[148,42] cannot find symbol
  symbol:   method getMaterialName()
  location: variable request of type com.stok.app.dto.request.StockItemRequest
[ERROR] /D:/GitHub/Kaynak/backend/src/main/java/com/stok/app/service/StockService.java:[149,45] cannot find symbol
  symbol:   method getSerialLotNumber()
  location: variable request of type com.stok.app.dto.request.StockItemRequest
[ERROR] /D:/GitHub/Kaynak/backend/src/main/java/com/stok/app/service/StockService.java:[150,37] cannot find symbol
  symbol:   method getUbbCode()
  location: variable request of type com.stok.app.dto.request.StockItemRequest
[ERROR] /D:/GitHub/Kaynak/backend/src/main/java/com/stok/app/service/StockService.java:[151,40] cannot find symbol
  symbol:   method getExpiryDate()
  location: variable request of type com.stok.app.dto.request.StockItemRequest
[ERROR] /D:/GitHub/Kaynak/backend/src/main/java/com/stok/app/service/StockService.java:[152,38] cannot find symbol
  symbol:   method getQuantity()
  location: variable request of type com.stok.app.dto.request.StockItemRequest
[ERROR] /D:/GitHub/Kaynak/backend/src/main/java/com/stok/app/service/StockService.java:[153,39] cannot find symbol
  symbol:   method getDateAdded()
  location: variable request of type com.stok.app.dto.request.StockItemRequest
[ERROR] /D:/GitHub/Kaynak/backend/src/main/java/com/stok/app/service/StockService.java:[154,39] cannot find symbol
  symbol:   method getFromField()
  location: variable request of type com.stok.app.dto.request.StockItemRequest
[ERROR] /D:/GitHub/Kaynak/backend/src/main/java/com/stok/app/service/StockService.java:[155,37] cannot find symbol
  symbol:   method getToField()
  location: variable request of type com.stok.app.dto.request.StockItemRequest
[ERROR] /D:/GitHub/Kaynak/backend/src/main/java/com/stok/app/service/StockService.java:[156,42] cannot find symbol
  symbol:   method getMaterialCode()
  location: variable request of type com.stok.app.dto.request.StockItemRequest
[ERROR] /D:/GitHub/Kaynak/backend/src/main/java/com/stok/app/service/StockService.java:[345,25] cannot find symbol
  symbol:   method getType()
  location: variable notification of type com.stok.app.entity.Notification
[ERROR] /D:/GitHub/Kaynak/backend/src/main/java/com/stok/app/service/StockService.java:[349,25] cannot find symbol
  symbol:   method getActionStatus()
  location: variable notification of type com.stok.app.entity.Notification
[ERROR] /D:/GitHub/Kaynak/backend/src/main/java/com/stok/app/service/StockService.java:[355,56] cannot find symbol
  symbol:   method getContent()
  location: variable notification of type com.stok.app.entity.Notification
[ERROR] /D:/GitHub/Kaynak/backend/src/main/java/com/stok/app/service/StockService.java:[362,59] cannot find symbol
  symbol:   method getSenderId()
  location: variable notification of type com.stok.app.entity.Notification
[ERROR] /D:/GitHub/Kaynak/backend/src/main/java/com/stok/app/service/StockService.java:[363,61] cannot find symbol
  symbol:   method getReceiverId()
  location: variable notification of type com.stok.app.entity.Notification
[ERROR] /D:/GitHub/Kaynak/backend/src/main/java/com/stok/app/service/StockService.java:[433,12] cannot find symbol
  symbol:   method setMaterialName(java.lang.String)
  location: variable req of type com.stok.app.dto.request.StockItemRequest
[ERROR] /D:/GitHub/Kaynak/backend/src/main/java/com/stok/app/service/StockService.java:[434,12] cannot find symbol
  symbol:   method setSerialLotNumber(java.lang.String)
  location: variable req of type com.stok.app.dto.request.StockItemRequest
[ERROR] /D:/GitHub/Kaynak/backend/src/main/java/com/stok/app/service/StockService.java:[435,12] cannot find symbol
  symbol:   method setUbbCode(java.lang.String)
  location: variable req of type com.stok.app.dto.request.StockItemRequest
[ERROR] /D:/GitHub/Kaynak/backend/src/main/java/com/stok/app/service/StockService.java:[436,12] cannot find symbol
  symbol:   method setQuantity(java.lang.Integer)
  location: variable req of type com.stok.app.dto.request.StockItemRequest
[ERROR] /D:/GitHub/Kaynak/backend/src/main/java/com/stok/app/service/StockService.java:[437,12] cannot find symbol
  symbol:   method setFromField(java.lang.String)
  location: variable req of type com.stok.app.dto.request.StockItemRequest
[ERROR] /D:/GitHub/Kaynak/backend/src/main/java/com/stok/app/service/StockService.java:[438,12] cannot find symbol
  symbol:   method setToField(java.lang.String)
  location: variable req of type com.stok.app.dto.request.StockItemRequest
[ERROR] /D:/GitHub/Kaynak/backend/src/main/java/com/stok/app/service/StockService.java:[439,12] cannot find symbol
  symbol:   method setMaterialCode(java.lang.String)
  location: variable req of type com.stok.app.dto.request.StockItemRequest
[ERROR] /D:/GitHub/Kaynak/backend/src/main/java/com/stok/app/service/StockService.java:[441,12] cannot find symbol
  symbol:   method setExpiryDate(java.time.LocalDate)
  location: variable req of type com.stok.app.dto.request.StockItemRequest
[ERROR] /D:/GitHub/Kaynak/backend/src/main/java/com/stok/app/service/StockService.java:[442,12] cannot find symbol
  symbol:   method setDateAdded(java.time.LocalDate)
  location: variable req of type com.stok.app.dto.request.StockItemRequest
[ERROR] /D:/GitHub/Kaynak/backend/src/main/java/com/stok/app/service/StockService.java:[444,16] cannot find symbol
  symbol:   method getDateAdded()
  location: variable req of type com.stok.app.dto.request.StockItemRequest
[ERROR] /D:/GitHub/Kaynak/backend/src/main/java/com/stok/app/service/StockService.java:[445,16] cannot find symbol
  symbol:   method setDateAdded(java.time.LocalDate)
  location: variable req of type com.stok.app.dto.request.StockItemRequest
[ERROR] /D:/GitHub/Kaynak/backend/src/main/java/com/stok/app/service/AuditLogService.java:[22,37] cannot find symbol
  symbol:   method builder()
  location: class com.stok.app.entity.AuditLog
[ERROR] /D:/GitHub/Kaynak/backend/src/main/java/com/stok/app/service/ChecklistService.java:[37,17] cannot find symbol
  symbol:   variable log
  location: class com.stok.app.service.ChecklistService
[ERROR] /D:/GitHub/Kaynak/backend/src/main/java/com/stok/app/service/ChecklistService.java:[44,17] cannot find symbol
  symbol:   variable log
  location: class com.stok.app.service.ChecklistService
[ERROR] /D:/GitHub/Kaynak/backend/src/main/java/com/stok/app/service/ChecklistService.java:[51,17] cannot find symbol
  symbol:   variable log
  location: class com.stok.app.service.ChecklistService
[ERROR] /D:/GitHub/Kaynak/backend/src/main/java/com/stok/app/service/ChecklistService.java:[57,43] cannot find symbol
  symbol:   method getTitle()
  location: variable request of type com.stok.app.dto.request.ChecklistRequest
[ERROR] /D:/GitHub/Kaynak/backend/src/main/java/com/stok/app/service/ChecklistService.java:[58,26] cannot find symbol
  symbol:   method setCreatedDate(java.time.LocalDateTime)
  location: variable checklist of type com.stok.app.entity.ChecklistRecord
[ERROR] /D:/GitHub/Kaynak/backend/src/main/java/com/stok/app/service/ChecklistService.java:[59,26] cannot find symbol
  symbol:   method setIsCompleted(boolean)
  location: variable checklist of type com.stok.app.entity.ChecklistRecord
[ERROR] /D:/GitHub/Kaynak/backend/src/main/java/com/stok/app/service/ChecklistService.java:[60,26] cannot find symbol
  symbol:   method setUser(com.stok.app.entity.User)
  location: variable checklist of type com.stok.app.entity.ChecklistRecord
[ERROR] /D:/GitHub/Kaynak/backend/src/main/java/com/stok/app/service/ChecklistService.java:[63,70] cannot find symbol
  symbol:   method getPatients()
  location: variable request of type com.stok.app.dto.request.ChecklistRequest
[ERROR] /D:/GitHub/Kaynak/backend/src/main/java/com/stok/app/service/ChecklistService.java:[65,47] cannot find symbol
  symbol:   method getName()
  location: variable patReq of type com.stok.app.dto.request.ChecklistRequest.PatientRequest
[ERROR] /D:/GitHub/Kaynak/backend/src/main/java/com/stok/app/service/ChecklistService.java:[66,47] cannot find symbol
  symbol:   method getNote()
  location: variable patReq of type com.stok.app.dto.request.ChecklistRequest.PatientRequest
[INFO] 100 errors 
[INFO] -------------------------------------------------------------
[INFO] ------------------------------------------------------------------------
[INFO] BUILD FAILURE
[INFO] ------------------------------------------------------------------------
[INFO] Total time:  2.470 s
[INFO] Finished at: 2026-01-26T23:49:18+03:00
[INFO] ------------------------------------------------------------------------
[ERROR] Failed to execute goal org.apache.maven.plugins:maven-compiler-plugin:3.11.0:compile (default-compile) on project stok-yonetim-backend: Compilation failure: Compilation failure: 
[ERROR] /D:/GitHub/Kaynak/backend/src/main/java/com/stok/app/controller/NotificationController.java:[3,32] cannot access com.stok.app.dto.request.TransferActionRequest
[ERROR]   bad source file: D:\GitHub\Kaynak\backend\src\main\java\com\stok\app\dto\request\TransferActionRequest.java
[ERROR]     file does not contain class com.stok.app.dto.request.TransferActionRequest
[ERROR]     Please remove or make sure it appears in the correct subdirectory of the sourcepath.
[ERROR] /D:/GitHub/Kaynak/backend/src/main/java/com/stok/app/service/StockService.java:[257,42] cannot access com.stok.app.dto.request.TransferItemRequest
[ERROR]   bad source file: D:\GitHub\Kaynak\backend\src\main\java\com\stok\app\dto\request\TransferItemRequest.java
[ERROR]     file does not contain class com.stok.app.dto.request.TransferItemRequest
[ERROR]     Please remove or make sure it appears in the correct subdirectory of the sourcepath.
[ERROR] /D:/GitHub/Kaynak/backend/src/main/java/com/stok/app/controller/StockController.java:[121,50] cannot access com.stok.app.dto.request.TransferRequest
[ERROR]   bad source file: D:\GitHub\Kaynak\backend\src\main\java\com\stok\app\dto\request\TransferRequest.java
[ERROR]     file does not contain class com.stok.app.dto.request.TransferRequest
[ERROR]     Please remove or make sure it appears in the correct subdirectory of the sourcepath.
[ERROR] /D:/GitHub/Kaynak/backend/src/main/java/com/stok/app/dto/request/TransferActionRequest.java:[6,8] duplicate class: TransferActionRequest
[ERROR] /D:/GitHub/Kaynak/backend/src/main/java/com/stok/app/controller/NotificationController.java:[43,26] cannot find symbol
[ERROR]   symbol:   class TransferActionRequest
[ERROR]   location: class com.stok.app.controller.NotificationController
[ERROR] /D:/GitHub/Kaynak/backend/src/main/java/com/stok/app/dto/request/TransferItemRequest.java:[8,8] duplicate class: TransferItemRequest
[ERROR] /D:/GitHub/Kaynak/backend/src/main/java/com/stok/app/dto/request/TransferRequest.java:[9,8] duplicate class: TransferRequest
[ERROR] /D:/GitHub/Kaynak/backend/src/main/java/com/stok/app/dto/request/CreateUserRequest.java:[27,6] cannot find symbol
[ERROR]   symbol:   class Email
[ERROR]   location: class com.stok.app.dto.request.CreateUserRequest
[ERROR] /D:/GitHub/Kaynak/backend/src/main/java/com/stok/app/dto/request/RegisterRequest.java:[10,6] cannot find symbol
[ERROR]   symbol:   class Size
[ERROR]   location: class com.stok.app.dto.request.RegisterRequest
[ERROR] /D:/GitHub/Kaynak/backend/src/main/java/com/stok/app/dto/request/RegisterRequest.java:[14,6] cannot find symbol
[ERROR]   symbol:   class Size
[ERROR]   location: class com.stok.app.dto.request.RegisterRequest
[ERROR] /D:/GitHub/Kaynak/backend/src/main/java/com/stok/app/dto/request/RegisterRequest.java:[18,6] cannot find symbol
[ERROR]   symbol:   class Size
[ERROR]   location: class com.stok.app.dto.request.RegisterRequest
[ERROR] /D:/GitHub/Kaynak/backend/src/main/java/com/stok/app/dto/request/RegisterRequest.java:[23,6] cannot find symbol
[ERROR]   symbol:   class Size
[ERROR]   location: class com.stok.app.dto.request.RegisterRequest
[ERROR] /D:/GitHub/Kaynak/backend/src/main/java/com/stok/app/service/HistoryService.java:[36,9] cannot find symbol
[ERROR]   symbol:   variable log
[ERROR]   location: class com.stok.app.service.HistoryService
[ERROR] /D:/GitHub/Kaynak/backend/src/main/java/com/stok/app/service/HistoryService.java:[43,9] cannot find symbol
[ERROR]   symbol:   variable log
[ERROR]   location: class com.stok.app.service.HistoryService
[ERROR] /D:/GitHub/Kaynak/backend/src/main/java/com/stok/app/service/HistoryService.java:[49,15] cannot find symbol
[ERROR]   symbol:   method setUser(com.stok.app.entity.User)
[ERROR]   location: variable record of type com.stok.app.entity.HistoryRecord
[ERROR] /D:/GitHub/Kaynak/backend/src/main/java/com/stok/app/service/HistoryService.java:[50,15] cannot find symbol
[ERROR]   symbol:   method setRecordDate(java.time.LocalDateTime)
[ERROR]   location: variable record of type com.stok.app.entity.HistoryRecord
[ERROR] /D:/GitHub/Kaynak/backend/src/main/java/com/stok/app/service/HistoryService.java:[51,15] cannot find symbol
[ERROR]   symbol:   method setType(java.lang.String)
[ERROR]   location: variable record of type com.stok.app.entity.HistoryRecord
[ERROR] /D:/GitHub/Kaynak/backend/src/main/java/com/stok/app/service/HistoryService.java:[52,15] cannot find symbol
[ERROR]   symbol:   method setDescription(java.lang.String)
[ERROR]   location: variable record of type com.stok.app.entity.HistoryRecord
[ERROR] /D:/GitHub/Kaynak/backend/src/main/java/com/stok/app/service/HistoryService.java:[53,15] cannot find symbol
[ERROR]   symbol:   method setDetailsJson(java.util.Map<java.lang.String,java.lang.Object>)
[ERROR]   location: variable record of type com.stok.app.entity.HistoryRecord
[ERROR] /D:/GitHub/Kaynak/backend/src/main/java/com/stok/app/service/HistoryService.java:[56,9] cannot find symbol
[ERROR]   symbol:   variable log
[ERROR]   location: class com.stok.app.service.HistoryService
[ERROR] /D:/GitHub/Kaynak/backend/src/main/java/com/stok/app/service/HistoryService.java:[60,9] cannot find symbol
[ERROR]   symbol:   variable log
[ERROR]   location: class com.stok.app.service.HistoryService
[ERROR] /D:/GitHub/Kaynak/backend/src/main/java/com/stok/app/service/HistoryService.java:[65,20] cannot find symbol
[ERROR]   symbol:   method getUser()
[ERROR]   location: variable record of type com.stok.app.entity.HistoryRecord
[ERROR] /D:/GitHub/Kaynak/backend/src/main/java/com/stok/app/service/HistoryService.java:[70,9] cannot find symbol
[ERROR]   symbol:   variable log
[ERROR]   location: class com.stok.app.service.HistoryService
[ERROR] /D:/GitHub/Kaynak/backend/src/main/java/com/stok/app/service/HistoryService.java:[74,9] cannot find symbol
[ERROR]   symbol:   variable log
[ERROR]   location: class com.stok.app.service.HistoryService
[ERROR] /D:/GitHub/Kaynak/backend/src/main/java/com/stok/app/service/HistoryService.java:[83,9] cannot find symbol
[ERROR]   symbol:   variable log
[ERROR]   location: class com.stok.app.service.HistoryService
[ERROR] /D:/GitHub/Kaynak/backend/src/main/java/com/stok/app/service/HistoryService.java:[87,37] cannot find symbol
[ERROR]   symbol:   method builder()
[ERROR]   location: class com.stok.app.dto.response.HistoryRecordResponse
[ERROR] /D:/GitHub/Kaynak/backend/src/main/java/com/stok/app/service/HistoryService.java:[88,27] cannot find symbol
[ERROR]   symbol:   method getId()
[ERROR]   location: variable record of type com.stok.app.entity.HistoryRecord
[ERROR] /D:/GitHub/Kaynak/backend/src/main/java/com/stok/app/service/HistoryService.java:[89,35] cannot find symbol
[ERROR]   symbol:   method getRecordDate()
[ERROR]   location: variable record of type com.stok.app.entity.HistoryRecord
[ERROR] /D:/GitHub/Kaynak/backend/src/main/java/com/stok/app/service/HistoryService.java:[90,29] cannot find symbol
[ERROR]   symbol:   method getType()
[ERROR]   location: variable record of type com.stok.app.entity.HistoryRecord
[ERROR] /D:/GitHub/Kaynak/backend/src/main/java/com/stok/app/service/HistoryService.java:[91,36] cannot find symbol
[ERROR]   symbol:   method getDescription()
[ERROR]   location: variable record of type com.stok.app.entity.HistoryRecord
[ERROR] /D:/GitHub/Kaynak/backend/src/main/java/com/stok/app/service/HistoryService.java:[92,32] cannot find symbol
[ERROR]   symbol:   method getDetailsJson()
[ERROR]   location: variable record of type com.stok.app.entity.HistoryRecord
[ERROR] /D:/GitHub/Kaynak/backend/src/main/java/com/stok/app/service/HistoryService.java:[93,34] cannot find symbol
[ERROR]   symbol:   method getCreatedAt()
[ERROR]   location: variable record of type com.stok.app.entity.HistoryRecord
[ERROR] /D:/GitHub/Kaynak/backend/src/main/java/com/stok/app/entity/CaseRecord.java:[65,17] cannot find symbol
[ERROR]   symbol:   method setCaseRecord(com.stok.app.entity.CaseRecord)
[ERROR]   location: variable material of type com.stok.app.entity.CaseMaterial
[ERROR] /D:/GitHub/Kaynak/backend/src/main/java/com/stok/app/service/NotificationService.java:[31,9] cannot find symbol
[ERROR]   symbol:   variable log
[ERROR]   location: class com.stok.app.service.NotificationService
[ERROR] /D:/GitHub/Kaynak/backend/src/main/java/com/stok/app/service/NotificationService.java:[33,49] cannot find symbol
[ERROR]   symbol:   method builder()
[ERROR]   location: class com.stok.app.entity.Notification
[ERROR] /D:/GitHub/Kaynak/backend/src/main/java/com/stok/app/service/NotificationService.java:[63,21] cannot find symbol
[ERROR]   symbol:   method setStatus(com.stok.app.entity.NotificationStatus)
[ERROR]   location: variable notification of type com.stok.app.entity.Notification
[ERROR] /D:/GitHub/Kaynak/backend/src/main/java/com/stok/app/service/NotificationService.java:[74,21] cannot find symbol
[ERROR]   symbol:   method setActionStatus(com.stok.app.entity.NotificationActionStatus)
[ERROR]   location: variable notification of type com.stok.app.entity.Notification
[ERROR] /D:/GitHub/Kaynak/backend/src/main/java/com/stok/app/service/NotificationService.java:[75,21] cannot find symbol
[ERROR]   symbol:   method setStatus(com.stok.app.entity.NotificationStatus)
[ERROR]   location: variable notification of type com.stok.app.entity.Notification
[ERROR] /D:/GitHub/Kaynak/backend/src/main/java/com/stok/app/service/NotificationService.java:[81,25] cannot find symbol
[ERROR]   symbol:   method getSenderId()
[ERROR]   location: variable notification of type com.stok.app.entity.Notification
[ERROR] /D:/GitHub/Kaynak/backend/src/main/java/com/stok/app/service/NotificationService.java:[82,62] cannot find symbol
[ERROR]   symbol:   method getSenderId()
[ERROR]   location: variable notification of type com.stok.app.entity.Notification
[ERROR] /D:/GitHub/Kaynak/backend/src/main/java/com/stok/app/service/NotificationService.java:[87,36] cannot find symbol
[ERROR]   symbol:   method builder()
[ERROR]   location: class com.stok.app.dto.response.NotificationResponse
[ERROR] /D:/GitHub/Kaynak/backend/src/main/java/com/stok/app/service/NotificationService.java:[88,33] cannot find symbol
[ERROR]   symbol:   method getId()
[ERROR]   location: variable notification of type com.stok.app.entity.Notification
[ERROR] /D:/GitHub/Kaynak/backend/src/main/java/com/stok/app/service/NotificationService.java:[89,39] cannot find symbol
[ERROR]   symbol:   method getSenderId()
[ERROR]   location: variable notification of type com.stok.app.entity.Notification
[ERROR] /D:/GitHub/Kaynak/backend/src/main/java/com/stok/app/service/NotificationService.java:[91,41] cannot find symbol
[ERROR]   symbol:   method getReceiverId()
[ERROR]   location: variable notification of type com.stok.app.entity.Notification
[ERROR] /D:/GitHub/Kaynak/backend/src/main/java/com/stok/app/service/NotificationService.java:[92,35] cannot find symbol
[ERROR]   symbol:   method getType()
[ERROR]   location: variable notification of type com.stok.app.entity.Notification
[ERROR] /D:/GitHub/Kaynak/backend/src/main/java/com/stok/app/service/NotificationService.java:[93,36] cannot find symbol
[ERROR]   symbol:   method getTitle()
[ERROR]   location: variable notification of type com.stok.app.entity.Notification
[ERROR] /D:/GitHub/Kaynak/backend/src/main/java/com/stok/app/service/NotificationService.java:[94,38] cannot find symbol
[ERROR]   symbol:   method getContent()
[ERROR]   location: variable notification of type com.stok.app.entity.Notification
[ERROR] /D:/GitHub/Kaynak/backend/src/main/java/com/stok/app/service/NotificationService.java:[95,37] cannot find symbol
[ERROR]   symbol:   method getStatus()
[ERROR]   location: variable notification of type com.stok.app.entity.Notification
[ERROR] /D:/GitHub/Kaynak/backend/src/main/java/com/stok/app/service/NotificationService.java:[96,43] cannot find symbol
[ERROR]   symbol:   method getActionStatus()
[ERROR]   location: variable notification of type com.stok.app.entity.Notification
[ERROR] /D:/GitHub/Kaynak/backend/src/main/java/com/stok/app/service/NotificationService.java:[97,40] cannot find symbol
[ERROR]   symbol:   method getCreatedAt()
[ERROR]   location: variable notification of type com.stok.app.entity.Notification
[ERROR] /D:/GitHub/Kaynak/backend/src/main/java/com/stok/app/service/StockService.java:[65,64] cannot find symbol
[ERROR]   symbol:   method getMaterialName()
[ERROR]   location: variable request of type com.stok.app.dto.request.StockItemRequest
[ERROR] /D:/GitHub/Kaynak/backend/src/main/java/com/stok/app/service/StockService.java:[72,24] cannot find symbol
[ERROR]   symbol:   method getMaterialName()
[ERROR]   location: variable request of type com.stok.app.dto.request.StockItemRequest
[ERROR] /D:/GitHub/Kaynak/backend/src/main/java/com/stok/app/service/StockService.java:[73,24] cannot find symbol
[ERROR]   symbol:   method getSerialLotNumber()
[ERROR]   location: variable request of type com.stok.app.dto.request.StockItemRequest
[ERROR] /D:/GitHub/Kaynak/backend/src/main/java/com/stok/app/service/StockService.java:[78,30] cannot find symbol
[ERROR]   symbol:   method getMaterialName()
[ERROR]   location: variable request of type com.stok.app.dto.request.StockItemRequest
[ERROR] /D:/GitHub/Kaynak/backend/src/main/java/com/stok/app/service/StockService.java:[82,42] cannot find symbol
[ERROR]   symbol:   method getMaterialName()
[ERROR]   location: variable request of type com.stok.app.dto.request.StockItemRequest
[ERROR] /D:/GitHub/Kaynak/backend/src/main/java/com/stok/app/service/StockService.java:[83,45] cannot find symbol
[ERROR]   symbol:   method getSerialLotNumber()
[ERROR]   location: variable request of type com.stok.app.dto.request.StockItemRequest
[ERROR] /D:/GitHub/Kaynak/backend/src/main/java/com/stok/app/service/StockService.java:[84,37] cannot find symbol
[ERROR]   symbol:   method getUbbCode()
[ERROR]   location: variable request of type com.stok.app.dto.request.StockItemRequest
[ERROR] /D:/GitHub/Kaynak/backend/src/main/java/com/stok/app/service/StockService.java:[85,40] cannot find symbol
[ERROR]   symbol:   method getExpiryDate()
[ERROR]   location: variable request of type com.stok.app.dto.request.StockItemRequest
[ERROR] /D:/GitHub/Kaynak/backend/src/main/java/com/stok/app/service/StockService.java:[86,38] cannot find symbol
[ERROR]   symbol:   method getQuantity()
[ERROR]   location: variable request of type com.stok.app.dto.request.StockItemRequest
[ERROR] /D:/GitHub/Kaynak/backend/src/main/java/com/stok/app/service/StockService.java:[87,39] cannot find symbol
[ERROR]   symbol:   method getDateAdded()
[ERROR]   location: variable request of type com.stok.app.dto.request.StockItemRequest
[ERROR] /D:/GitHub/Kaynak/backend/src/main/java/com/stok/app/service/StockService.java:[88,39] cannot find symbol
[ERROR]   symbol:   method getFromField()
[ERROR]   location: variable request of type com.stok.app.dto.request.StockItemRequest
[ERROR] /D:/GitHub/Kaynak/backend/src/main/java/com/stok/app/service/StockService.java:[89,37] cannot find symbol
[ERROR]   symbol:   method getToField()
[ERROR]   location: variable request of type com.stok.app.dto.request.StockItemRequest
[ERROR] /D:/GitHub/Kaynak/backend/src/main/java/com/stok/app/service/StockService.java:[90,42] cannot find symbol
[ERROR]   symbol:   method getMaterialCode()
[ERROR]   location: variable request of type com.stok.app.dto.request.StockItemRequest
[ERROR] /D:/GitHub/Kaynak/backend/src/main/java/com/stok/app/service/StockService.java:[123,56] invalid method reference
[ERROR]   cannot find symbol
[ERROR]     symbol:   method getQuantity(T)
[ERROR]     location: class com.stok.app.dto.request.StockItemRequest
[ERROR] /D:/GitHub/Kaynak/backend/src/main/java/com/stok/app/service/StockService.java:[148,42] cannot find symbol
[ERROR]   symbol:   method getMaterialName()
[ERROR]   location: variable request of type com.stok.app.dto.request.StockItemRequest
[ERROR] /D:/GitHub/Kaynak/backend/src/main/java/com/stok/app/service/StockService.java:[149,45] cannot find symbol
[ERROR]   symbol:   method getSerialLotNumber()
[ERROR]   location: variable request of type com.stok.app.dto.request.StockItemRequest
[ERROR] /D:/GitHub/Kaynak/backend/src/main/java/com/stok/app/service/StockService.java:[150,37] cannot find symbol
[ERROR]   symbol:   method getUbbCode()
[ERROR]   location: variable request of type com.stok.app.dto.request.StockItemRequest
[ERROR] /D:/GitHub/Kaynak/backend/src/main/java/com/stok/app/service/StockService.java:[151,40] cannot find symbol
[ERROR]   symbol:   method getExpiryDate()
[ERROR]   location: variable request of type com.stok.app.dto.request.StockItemRequest
[ERROR] /D:/GitHub/Kaynak/backend/src/main/java/com/stok/app/service/StockService.java:[152,38] cannot find symbol
[ERROR]   symbol:   method getQuantity()
[ERROR]   location: variable request of type com.stok.app.dto.request.StockItemRequest
[ERROR] /D:/GitHub/Kaynak/backend/src/main/java/com/stok/app/service/StockService.java:[153,39] cannot find symbol
[ERROR]   symbol:   method getDateAdded()
[ERROR]   location: variable request of type com.stok.app.dto.request.StockItemRequest
[ERROR] /D:/GitHub/Kaynak/backend/src/main/java/com/stok/app/service/StockService.java:[154,39] cannot find symbol
[ERROR]   symbol:   method getFromField()
[ERROR]   location: variable request of type com.stok.app.dto.request.StockItemRequest
[ERROR] /D:/GitHub/Kaynak/backend/src/main/java/com/stok/app/service/StockService.java:[155,37] cannot find symbol
[ERROR]   symbol:   method getToField()
[ERROR]   location: variable request of type com.stok.app.dto.request.StockItemRequest
[ERROR] /D:/GitHub/Kaynak/backend/src/main/java/com/stok/app/service/StockService.java:[156,42] cannot find symbol
[ERROR]   symbol:   method getMaterialCode()
[ERROR]   location: variable request of type com.stok.app.dto.request.StockItemRequest
[ERROR] /D:/GitHub/Kaynak/backend/src/main/java/com/stok/app/service/StockService.java:[345,25] cannot find symbol
[ERROR]   symbol:   method getType()
[ERROR]   location: variable notification of type com.stok.app.entity.Notification
[ERROR] /D:/GitHub/Kaynak/backend/src/main/java/com/stok/app/service/StockService.java:[349,25] cannot find symbol
[ERROR]   symbol:   method getActionStatus()
[ERROR]   location: variable notification of type com.stok.app.entity.Notification
[ERROR] /D:/GitHub/Kaynak/backend/src/main/java/com/stok/app/service/StockService.java:[355,56] cannot find symbol
[ERROR]   symbol:   method getContent()
[ERROR]   location: variable notification of type com.stok.app.entity.Notification
[ERROR] /D:/GitHub/Kaynak/backend/src/main/java/com/stok/app/service/StockService.java:[362,59] cannot find symbol
[ERROR]   symbol:   method getSenderId()
[ERROR]   location: variable notification of type com.stok.app.entity.Notification
[ERROR] /D:/GitHub/Kaynak/backend/src/main/java/com/stok/app/service/StockService.java:[363,61] cannot find symbol
[ERROR]   symbol:   method getReceiverId()
[ERROR]   location: variable notification of type com.stok.app.entity.Notification
[ERROR] /D:/GitHub/Kaynak/backend/src/main/java/com/stok/app/service/StockService.java:[433,12] cannot find symbol
[ERROR]   symbol:   method setMaterialName(java.lang.String)
[ERROR]   location: variable req of type com.stok.app.dto.request.StockItemRequest
[ERROR] /D:/GitHub/Kaynak/backend/src/main/java/com/stok/app/service/StockService.java:[434,12] cannot find symbol
[ERROR]   symbol:   method setSerialLotNumber(java.lang.String)
[ERROR]   location: variable req of type com.stok.app.dto.request.StockItemRequest
[ERROR] /D:/GitHub/Kaynak/backend/src/main/java/com/stok/app/service/StockService.java:[435,12] cannot find symbol
[ERROR]   symbol:   method setUbbCode(java.lang.String)
[ERROR]   location: variable req of type com.stok.app.dto.request.StockItemRequest
[ERROR] /D:/GitHub/Kaynak/backend/src/main/java/com/stok/app/service/StockService.java:[436,12] cannot find symbol
[ERROR]   symbol:   method setQuantity(java.lang.Integer)
[ERROR]   location: variable req of type com.stok.app.dto.request.StockItemRequest
[ERROR] /D:/GitHub/Kaynak/backend/src/main/java/com/stok/app/service/StockService.java:[437,12] cannot find symbol
[ERROR]   symbol:   method setFromField(java.lang.String)
[ERROR]   location: variable req of type com.stok.app.dto.request.StockItemRequest
[ERROR] /D:/GitHub/Kaynak/backend/src/main/java/com/stok/app/service/StockService.java:[438,12] cannot find symbol
[ERROR]   symbol:   method setToField(java.lang.String)
[ERROR]   location: variable req of type com.stok.app.dto.request.StockItemRequest
[ERROR] /D:/GitHub/Kaynak/backend/src/main/java/com/stok/app/service/StockService.java:[439,12] cannot find symbol
[ERROR]   symbol:   method setMaterialCode(java.lang.String)
[ERROR]   location: variable req of type com.stok.app.dto.request.StockItemRequest
[ERROR] /D:/GitHub/Kaynak/backend/src/main/java/com/stok/app/service/StockService.java:[441,12] cannot find symbol
[ERROR]   symbol:   method setExpiryDate(java.time.LocalDate)
[ERROR]   location: variable req of type com.stok.app.dto.request.StockItemRequest
[ERROR] /D:/GitHub/Kaynak/backend/src/main/java/com/stok/app/service/StockService.java:[442,12] cannot find symbol
[ERROR]   symbol:   method setDateAdded(java.time.LocalDate)
[ERROR]   location: variable req of type com.stok.app.dto.request.StockItemRequest
[ERROR] /D:/GitHub/Kaynak/backend/src/main/java/com/stok/app/service/StockService.java:[444,16] cannot find symbol
[ERROR]   symbol:   method getDateAdded()
[ERROR]   location: variable req of type com.stok.app.dto.request.StockItemRequest
[ERROR] /D:/GitHub/Kaynak/backend/src/main/java/com/stok/app/service/StockService.java:[445,16] cannot find symbol
[ERROR]   symbol:   method setDateAdded(java.time.LocalDate)
[ERROR]   location: variable req of type com.stok.app.dto.request.StockItemRequest
[ERROR] /D:/GitHub/Kaynak/backend/src/main/java/com/stok/app/service/AuditLogService.java:[22,37] cannot find symbol
[ERROR]   symbol:   method builder()
[ERROR]   location: class com.stok.app.entity.AuditLog
[ERROR] /D:/GitHub/Kaynak/backend/src/main/java/com/stok/app/service/ChecklistService.java:[37,17] cannot find symbol
[ERROR]   symbol:   variable log
[ERROR]   location: class com.stok.app.service.ChecklistService
[ERROR] /D:/GitHub/Kaynak/backend/src/main/java/com/stok/app/service/ChecklistService.java:[44,17] cannot find symbol
[ERROR]   symbol:   variable log
[ERROR]   location: class com.stok.app.service.ChecklistService
[ERROR] /D:/GitHub/Kaynak/backend/src/main/java/com/stok/app/service/ChecklistService.java:[51,17] cannot find symbol
[ERROR]   symbol:   variable log
[ERROR]   location: class com.stok.app.service.ChecklistService
[ERROR] /D:/GitHub/Kaynak/backend/src/main/java/com/stok/app/service/ChecklistService.java:[57,43] cannot find symbol
[ERROR]   symbol:   method getTitle()
[ERROR]   location: variable request of type com.stok.app.dto.request.ChecklistRequest
[ERROR] /D:/GitHub/Kaynak/backend/src/main/java/com/stok/app/service/ChecklistService.java:[58,26] cannot find symbol
[ERROR]   symbol:   method setCreatedDate(java.time.LocalDateTime)
[ERROR]   location: variable checklist of type com.stok.app.entity.ChecklistRecord
[ERROR] /D:/GitHub/Kaynak/backend/src/main/java/com/stok/app/service/ChecklistService.java:[59,26] cannot find symbol
[ERROR]   symbol:   method setIsCompleted(boolean)
[ERROR]   location: variable checklist of type com.stok.app.entity.ChecklistRecord
[ERROR] /D:/GitHub/Kaynak/backend/src/main/java/com/stok/app/service/ChecklistService.java:[60,26] cannot find symbol
[ERROR]   symbol:   method setUser(com.stok.app.entity.User)
[ERROR]   location: variable checklist of type com.stok.app.entity.ChecklistRecord
[ERROR] /D:/GitHub/Kaynak/backend/src/main/java/com/stok/app/service/ChecklistService.java:[63,70] cannot find symbol
[ERROR]   symbol:   method getPatients()
[ERROR]   location: variable request of type com.stok.app.dto.request.ChecklistRequest
[ERROR] /D:/GitHub/Kaynak/backend/src/main/java/com/stok/app/service/ChecklistService.java:[65,47] cannot find symbol
[ERROR]   symbol:   method getName()
[ERROR]   location: variable patReq of type com.stok.app.dto.request.ChecklistRequest.PatientRequest
[ERROR] /D:/GitHub/Kaynak/backend/src/main/java/com/stok/app/service/ChecklistService.java:[66,47] cannot find symbol
[ERROR]   symbol:   method getNote()
[ERROR]   location: variable patReq of type com.stok.app.dto.request.ChecklistRequest.PatientRequest
[ERROR] -> [Help 1]
[ERROR] 
[ERROR] To see the full stack trace of the errors, re-run Maven with the -e switch.
[ERROR] Re-run Maven using the -X switch to enable full debug logging.
[ERROR] 
[ERROR] For more information about the errors and possible solutions, please read the following articles:
[ERROR] [Help 1] http://cwiki.apache.org/confluence/display/MAVEN/MojoFailureException
